
> frontend@0.0.0 build
> vue-tsc -b && vite build

src/components/__tests__/UpcomingDeadlines.spec.ts(62,12): error TS2532: Object is possibly 'undefined'.
src/components/__tests__/UpcomingDeadlines.spec.ts(63,12): error TS2532: Object is possibly 'undefined'.
src/views/StudentDashboard.vue(105,11): error TS6196: 'SubmissionStats' is declared but never used.
